// Jest Snapshot v1, https://goo.gl/fbAQLP

exports[`HeaderMenuButton should render 1`] = `
<HeaderMenuButton
  aria-label="Accessibility label"
  className="custom-class"
  isActive={false}
  onClick={[MockFunction]}
>
  <button
    aria-label="Accessibility label"
    className="custom-class bx--header__action bx--header__menu-trigger"
    onClick={[MockFunction]}
    title="Accessibility label"
    type="button"
  >
    <Menu20
      height={20}
      preserveAspectRatio="xMidYMid meet"
      viewBox="0 0 20 20"
      width={20}
      xmlns="http://www.w3.org/2000/svg"
    >
      <svg
        aria-hidden={true}
        focusable="false"
        height={20}
        preserveAspectRatio="xMidYMid meet"
        style={
          Object {
            "willChange": "transform",
          }
        }
        viewBox="0 0 20 20"
        width={20}
        xmlns="http://www.w3.org/2000/svg"
      >
        <path
          d="M2 14.8h16V16H2zm0-3.6h16v1.2H2zm0-3.6h16v1.2H2zM2 4h16v1.2H2z"
        />
      </svg>
    </Menu20>
  </button>
</HeaderMenuButton>
`;
