// Jest Snapshot v1, https://goo.gl/fbAQLP

exports[`SideNav should render 1`] = `
<ForwardRef(SideNav)
  aria-label="Navigation"
  defaultExpanded={false}
  translateById={[Function]}
>
  <nav
    aria-label="Navigation"
    className="bx--side-nav__navigation bx--side-nav"
    onBlur={[Function]}
    onFocus={[Function]}
  >
    <h2>
      Navigation
    </h2>
    <SideNavFooter
      assistiveText="Open"
      expanded={false}
      onToggle={[Function]}
    >
      <footer
        className="bx--side-nav__footer"
      >
        <button
          className="bx--side-nav__toggle"
          onClick={[Function]}
          title="Open"
          type="button"
        >
          <div
            className="bx--side-nav__icon"
          >
            <ChevronRight20
              height={20}
              preserveAspectRatio="xMidYMid meet"
              viewBox="0 0 32 32"
              width={20}
              xmlns="http://www.w3.org/2000/svg"
            >
              <svg
                aria-hidden={true}
                focusable="false"
                height={20}
                preserveAspectRatio="xMidYMid meet"
                style={
                  Object {
                    "willChange": "transform",
                  }
                }
                viewBox="0 0 32 32"
                width={20}
                xmlns="http://www.w3.org/2000/svg"
              >
                <path
                  d="M22 16L12 26l-1.4-1.4 8.6-8.6-8.6-8.6L12 6z"
                />
              </svg>
            </ChevronRight20>
          </div>
          <span
            className="bx--assistive-text"
          >
            Open
          </span>
        </button>
      </footer>
    </SideNavFooter>
  </nav>
</ForwardRef(SideNav)>
`;
