// Jest Snapshot v1, https://goo.gl/fbAQLP

exports[`SideNavMenu should render 1`] = `
<SideNavMenu
  buttonRef={
    [MockFunction] {
      "calls": Array [
        Array [
          <button
            aria-expanded="false"
            aria-haspopup="true"
            class="bx--side-nav__submenu"
            type="button"
          >
            <div
              class="bx--side-nav__icon"
            >
              <div>
                icon
              </div>
            </div>
            <span
              class="bx--side-nav__submenu-title"
            >
              title
            </span>
            <div
              class="bx--side-nav__icon bx--side-nav__icon--small bx--side-nav__submenu-chevron"
            >
              <svg
                aria-hidden="true"
                focusable="false"
                height="20"
                preserveAspectRatio="xMidYMid meet"
                viewBox="0 0 32 32"
                width="20"
                xmlns="http://www.w3.org/2000/svg"
              >
                <path
                  d="M16 22L6 12l1.4-1.4 8.6 8.6 8.6-8.6L26 12z"
                />
              </svg>
            </div>
          </button>,
        ],
      ],
      "results": Array [
        Object {
          "type": "return",
          "value": undefined,
        },
      ],
    }
  }
  className="custom-classname"
  defaultExpanded={false}
  icon={
    <div>
      icon
    </div>
  }
  isActive={false}
  title="title"
>
  <li
    className="bx--side-nav__item custom-classname"
  >
    <button
      aria-expanded={false}
      aria-haspopup="true"
      className="bx--side-nav__submenu"
      onClick={[Function]}
      type="button"
    >
      <SideNavIcon
        small={false}
      >
        <div
          className="bx--side-nav__icon"
        >
          <div>
            icon
          </div>
        </div>
      </SideNavIcon>
      <span
        className="bx--side-nav__submenu-title"
      >
        title
      </span>
      <SideNavIcon
        className="bx--side-nav__submenu-chevron"
        small={true}
      >
        <div
          className="bx--side-nav__icon bx--side-nav__icon--small bx--side-nav__submenu-chevron"
        >
          <ChevronDown20
            height={20}
            preserveAspectRatio="xMidYMid meet"
            viewBox="0 0 32 32"
            width={20}
            xmlns="http://www.w3.org/2000/svg"
          >
            <svg
              aria-hidden={true}
              focusable="false"
              height={20}
              preserveAspectRatio="xMidYMid meet"
              style={
                Object {
                  "willChange": "transform",
                }
              }
              viewBox="0 0 32 32"
              width={20}
              xmlns="http://www.w3.org/2000/svg"
            >
              <path
                d="M16 22L6 12l1.4-1.4 8.6 8.6 8.6-8.6L26 12z"
              />
            </svg>
          </ChevronDown20>
        </div>
      </SideNavIcon>
    </button>
    <ul
      className="bx--side-nav__menu"
      role="menu"
    >
      text
    </ul>
  </li>
</SideNavMenu>
`;
