// Jest Snapshot v1, https://goo.gl/fbAQLP

exports[`SideNavHeader should render 1`] = `
<SideNavHeader
  icon={
    <div>
      mock icon
    </div>
  }
>
  <header
    className="bx--side-nav__header"
  >
    <SideNavIcon
      small={false}
    >
      <div
        className="bx--side-nav__icon"
      >
        <div>
          mock icon
        </div>
      </div>
    </SideNavIcon>
    <span>
      foo
    </span>
  </header>
</SideNavHeader>
`;
