// Jest Snapshot v1, https://goo.gl/fbAQLP

exports[`ModalWrapper should render 1`] = `
<ModalWrapper
  buttonTriggerClassName="btn-trigger"
  buttonTriggerText="Test Modal"
  disabled={false}
  handleSubmit={[MockFunction]}
  id="modal"
  modalHeading="Transactional Modal"
  modalLabel="Test Modal Label"
  onKeyDown={[Function]}
  primaryButtonText="Save"
  secondaryButtonText="Cancel"
  selectorPrimaryFocus="[data-modal-primary-focus]"
  shouldCloseAfterSubmit={true}
  triggerButtonIconDescription="Provide icon description if icon is used"
  triggerButtonKind="primary"
>
  <div
    onKeyDown={[Function]}
    role="presentation"
  >
    <ForwardRef
      className="btn-trigger"
      disabled={false}
      iconDescription="Provide icon description if icon is used"
      kind="primary"
      onClick={[Function]}
      small={false}
      tabIndex={0}
      type="button"
    >
      <button
        className="btn-trigger bx--btn bx--btn--primary"
        disabled={false}
        onClick={[Function]}
        tabIndex={0}
        type="button"
      >
        Test Modal
      </button>
    </ForwardRef>
    <Modal
      focusTrap={true}
      iconDescription="close the modal"
      id="modal"
      modalHeading="Transactional Modal"
      modalLabel="Test Modal Label"
      onKeyDown={[Function]}
      onRequestClose={[Function]}
      onRequestSubmit={[Function]}
      open={false}
      passiveModal={false}
      primaryButtonDisabled={false}
      primaryButtonText="Save"
      secondaryButtonText="Cancel"
      selectorPrimaryFocus="[data-modal-primary-focus]"
    >
      <FocusTrap
        _createFocusTrap={[Function]}
        active={false}
        focusTrapOptions={
          Object {
            "initialFocus": [Function],
          }
        }
        paused={false}
      >
        <div
          className="bx--modal bx--modal-tall"
          id="modal"
          onBlur={[Function]}
          onClick={[Function]}
          onKeyDown={[Function]}
          role="presentation"
          tabIndex={-1}
        >
          <div
            aria-modal="true"
            className="bx--modal-container"
            role="dialog"
          >
            <div
              className="bx--modal-header"
            >
              <p
                className="bx--modal-header__label"
              >
                Test Modal Label
              </p>
              <p
                className="bx--modal-header__heading"
              >
                Transactional Modal
              </p>
              <button
                className="bx--modal-close"
                onClick={[Function]}
                title="close the modal"
                type="button"
              >
                <Close20
                  aria-label="close the modal"
                  className="bx--modal-close__icon"
                  height={20}
                  preserveAspectRatio="xMidYMid meet"
                  viewBox="0 0 32 32"
                  width={20}
                  xmlns="http://www.w3.org/2000/svg"
                >
                  <svg
                    aria-label="close the modal"
                    className="bx--modal-close__icon"
                    focusable="false"
                    height={20}
                    preserveAspectRatio="xMidYMid meet"
                    role="img"
                    style={
                      Object {
                        "willChange": "transform",
                      }
                    }
                    viewBox="0 0 32 32"
                    width={20}
                    xmlns="http://www.w3.org/2000/svg"
                  >
                    <path
                      d="M24 9.4L22.6 8 16 14.6 9.4 8 8 9.4l6.6 6.6L8 22.6 9.4 24l6.6-6.6 6.6 6.6 1.4-1.4-6.6-6.6L24 9.4z"
                    />
                  </svg>
                </Close20>
              </button>
            </div>
            <div
              className="bx--modal-content"
            >
              <p
                className="bx--modal-content__text"
              >
                Text
              </p>
            </div>
            <div
              className="bx--modal-footer"
            >
              <ForwardRef
                disabled={false}
                iconDescription="Provide icon description if icon is used"
                kind="secondary"
                onClick={[Function]}
                small={false}
                tabIndex={0}
                type="button"
              >
                <button
                  className="bx--btn bx--btn--secondary"
                  disabled={false}
                  onClick={[Function]}
                  tabIndex={0}
                  type="button"
                >
                  Cancel
                </button>
              </ForwardRef>
              <ForwardRef
                disabled={false}
                iconDescription="Provide icon description if icon is used"
                inputref={
                  Object {
                    "current": <button
                      class="bx--modal-close"
                      title="close the modal"
                      type="button"
                    >
                      <svg
                        aria-label="close the modal"
                        class="bx--modal-close__icon"
                        focusable="false"
                        height="20"
                        preserveAspectRatio="xMidYMid meet"
                        role="img"
                        viewBox="0 0 32 32"
                        width="20"
                        xmlns="http://www.w3.org/2000/svg"
                      >
                        <path
                          d="M24 9.4L22.6 8 16 14.6 9.4 8 8 9.4l6.6 6.6L8 22.6 9.4 24l6.6-6.6 6.6 6.6 1.4-1.4-6.6-6.6L24 9.4z"
                        />
                      </svg>
                    </button>,
                  }
                }
                kind="primary"
                onClick={[Function]}
                small={false}
                tabIndex={0}
                type="button"
              >
                <button
                  className="bx--btn bx--btn--primary"
                  disabled={false}
                  onClick={[Function]}
                  tabIndex={0}
                  type="button"
                >
                  Save
                </button>
              </ForwardRef>
            </div>
          </div>
        </div>
      </FocusTrap>
    </Modal>
  </div>
</ModalWrapper>
`;
