// Jest Snapshot v1, https://goo.gl/fbAQLP

exports[`DataTable.TableToolbarSearch should render 1`] = `
<TableToolbarSearch
  className="custom-class"
  id="custom-id"
  onChange={[MockFunction]}
  translateWithId={[Function]}
>
  <div
    className="bx--toolbar-search-container"
  >
    <Search
      className="custom-class"
      id="custom-id"
      labelText="Filter table"
      light={true}
      onChange={[MockFunction]}
      placeHolderText="Search"
      small={true}
      type="text"
    >
      <div
        aria-labelledby="custom-id-label"
        className="bx--search bx--search--sm bx--search--light custom-class"
        role="search"
      >
        <Search16
          aria-label="Filter table"
          className="bx--search-magnifier"
          height={16}
          preserveAspectRatio="xMidYMid meet"
          role="img"
          viewBox="0 0 16 16"
          width={16}
          xmlns="http://www.w3.org/2000/svg"
        >
          <svg
            aria-label="Filter table"
            className="bx--search-magnifier"
            focusable="false"
            height={16}
            preserveAspectRatio="xMidYMid meet"
            role="img"
            style={
              Object {
                "willChange": "transform",
              }
            }
            viewBox="0 0 16 16"
            width={16}
            xmlns="http://www.w3.org/2000/svg"
          >
            <path
              d="M15 14.3L10.7 10c1.9-2.3 1.6-5.8-.7-7.7S4.2.7 2.3 3 .7 8.8 3 10.7c2 1.7 5 1.7 7 0l4.3 4.3.7-.7zM2 6.5C2 4 4 2 6.5 2S11 4 11 6.5 9 11 6.5 11 2 9 2 6.5z"
            />
          </svg>
        </Search16>
        <label
          className="bx--label"
          htmlFor="custom-id"
          id="custom-id-label"
        >
          Filter table
        </label>
        <input
          className="bx--search-input"
          id="custom-id"
          onChange={[Function]}
          placeholder="Search"
          type="text"
        />
        <button
          className="bx--search-close bx--search-close--hidden"
          onClick={[Function]}
          type="button"
        >
          <Close16
            height={16}
            preserveAspectRatio="xMidYMid meet"
            role="img"
            viewBox="0 0 16 16"
            width={16}
            xmlns="http://www.w3.org/2000/svg"
          >
            <svg
              aria-hidden={true}
              focusable="false"
              height={16}
              preserveAspectRatio="xMidYMid meet"
              role="img"
              style={
                Object {
                  "willChange": "transform",
                }
              }
              viewBox="0 0 16 16"
              width={16}
              xmlns="http://www.w3.org/2000/svg"
            >
              <path
                d="M12 4.7l-.7-.7L8 7.3 4.7 4l-.7.7L7.3 8 4 11.3l.7.7L8 8.7l3.3 3.3.7-.7L8.7 8z"
              />
            </svg>
          </Close16>
        </button>
      </div>
    </Search>
  </div>
</TableToolbarSearch>
`;
