// Jest Snapshot v1, https://goo.gl/fbAQLP

exports[`DataTable.TableExpandHeader should render 1`] = `
<Table
  short={false}
  shouldShowBorder={true}
  zebra={true}
>
  <table
    className="bx--data-table bx--data-table--zebra"
  >
    <TableHead>
      <thead>
        <TableRow>
          <tr>
            <TableExpandHeader
              className="custom-class"
            >
              <th
                className="custom-class"
                scope="col"
              />
            </TableExpandHeader>
          </tr>
        </TableRow>
      </thead>
    </TableHead>
  </table>
</Table>
`;
