// Jest Snapshot v1, https://goo.gl/fbAQLP

exports[`DataTable.TableCell should render 1`] = `
<Table
  short={false}
  shouldShowBorder={true}
  zebra={true}
>
  <table
    className="bx--data-table bx--data-table--zebra"
  >
    <TableBody>
      <tbody>
        <TableRow>
          <tr>
            <TableCell
              className="custom-class"
            >
              <td
                className="custom-class"
              />
            </TableCell>
          </tr>
        </TableRow>
      </tbody>
    </TableBody>
  </table>
</Table>
`;
